// Jest Snapshot v1, https://goo.gl/fbAQLP

exports[`AlbumInfo component matches snapshot 1`] = `
<div
  style={
    Object {
      "alignItems": "center",
      "display": "flex",
      "flexDirection": "column",
    }
  }
>
  <h3 />
  <h4 />
</div>
`;
