// Jest Snapshot v1, https://goo.gl/fbAQLP

exports[`Album component renders stuff 1`] = `
<ul>
  <li
    key="0"
  >
    <Link
      to="/undefined/undefined/undefined"
    >
      <Album
        album="test"
        image="https://fakeimg.pl/640x360"
      />
    </Link>
  </li>
</ul>
`;
