// Jest Snapshot v1, https://goo.gl/fbAQLP

exports[`ArtistList component matches snapshot 1`] = `<ul />`;
