// Jest Snapshot v1, https://goo.gl/fbAQLP

exports[`Artist component matches snapshot 1`] = `
<Link
  to="/artist//"
/>
`;
