// Jest Snapshot v1, https://goo.gl/fbAQLP

exports[`App component renders the App 1`] = `
<BrowserRouter>
  <Header />
  <Switch>
    <Route
      component={[Function]}
      exact={true}
      path="/"
    />
    <Route
      component={[Function]}
      exact={true}
      path="/:artist/:id"
    />
    <Route
      component={[Function]}
      exact={true}
      path="/:artist/release/:id"
    />
    <Route
      component={[Function]}
      path="/:artist/recording/:title"
    />
  </Switch>
</BrowserRouter>
`;
