// Jest Snapshot v1, https://goo.gl/fbAQLP

exports[`Song component renders stuff 1`] = `
<p>
  song
</p>
`;
