// Jest Snapshot v1, https://goo.gl/fbAQLP

exports[`Lyrics component renders stuff 1`] = `
<p>
  hello
</p>
`;
