// Jest Snapshot v1, https://goo.gl/fbAQLP

exports[`Lyrics component matches snapshot 1`] = `<pre />`;
